// Jest Snapshot v1, https://goo.gl/fbAQLP

exports[`App renders correctly 1`] = `
<div
  className="container-fluid h-100"
>
  <div
    className="row h-100"
  >
    <div
      className="col my-auto"
    >
      <div
        className="header"
      >
        <span
          className="active"
        >
          #
        </span>
        <span
          className="active"
        >
          H
        </span>
        <span
          className="active"
        >
          i
        </span>
        <span
          className="active"
        >
          g
        </span>
        <span
          className="active"
        >
          S
        </span>
        <span
          className="active"
        >
          h
        </span>
        <span
          className="active"
        >
          o
        </span>
        <span
          className="active"
        >
          p
        </span>
        <span
          className="active"
        >
          R
        </span>
      </div>
      <div
        className="col"
      >
        <button
          className="eightbit-main "
          onClick={[Function]}
          type="button"
        >
          start
        </button>
      </div>
    </div>
  </div>
  <section
    className="main"
    hidden={true}
  >
    <div
      className="row"
    >
      <div
        className="col"
      >
        Next Step
      </div>
    </div>
  </section>
</div>
`;
